MPLINK 4.49, Linker
Linker Map File - Created Wed Sep 05 09:48:59 2018

                                 Section Info
                  Section       Type    Address   Location Size(Bytes)
                ---------  ---------  ---------  ---------  ---------
                   .org_0       code   0x000000    program   0x00003c
                   .cinit    romdata   0x001800    program   0x000004



                              Program Memory Usage 
                               Start         End      
                           ---------   ---------      
                            0x000000    0x00001d      
                            0x001800    0x001801      
            32 out of 8454 program addresses used, program memory utilization is 0%



                              Symbols - Sorted by Name
                     Name    Address   Location    Storage File                     
                ---------  ---------  ---------  --------- ---------                
                    check   0x000009    program     static C:\myFiles\CircuitExperiment\20180904003\20180904003.asm
                   check1   0x00000f    program     static C:\myFiles\CircuitExperiment\20180904003\20180904003.asm
                    delay   0x000015    program     static C:\myFiles\CircuitExperiment\20180904003\20180904003.asm
                      lp0   0x000017    program     static C:\myFiles\CircuitExperiment\20180904003\20180904003.asm
                      lp1   0x000019    program     static C:\myFiles\CircuitExperiment\20180904003\20180904003.asm



                              Symbols - Sorted by Address
                     Name    Address   Location    Storage File                     
                ---------  ---------  ---------  --------- ---------                
                    check   0x000009    program     static C:\myFiles\CircuitExperiment\20180904003\20180904003.asm
                   check1   0x00000f    program     static C:\myFiles\CircuitExperiment\20180904003\20180904003.asm
                    delay   0x000015    program     static C:\myFiles\CircuitExperiment\20180904003\20180904003.asm
                      lp0   0x000017    program     static C:\myFiles\CircuitExperiment\20180904003\20180904003.asm
                      lp1   0x000019    program     static C:\myFiles\CircuitExperiment\20180904003\20180904003.asm


