MPLINK 4.49, Linker
Linker Map File - Created Tue Sep 04 18:53:56 2018

                                 Section Info
                  Section       Type    Address   Location Size(Bytes)
                ---------  ---------  ---------  ---------  ---------
                   .org_0       code   0x000000    program   0x000004
                   .org_1       code   0x000004    program   0x00004c
                   .cinit    romdata   0x001800    program   0x000004



                              Program Memory Usage 
                               Start         End      
                           ---------   ---------      
                            0x000000    0x000001      
                            0x000004    0x000029      
                            0x001800    0x001801      
            42 out of 8454 program addresses used, program memory utilization is 0%



                              Symbols - Sorted by Name
                     Name    Address   Location    Storage File                     
                ---------  ---------  ---------  --------- ---------                
                    delay   0x000021    program     static C:\myFiles\CircuitExperiment\paoMaDeng.asm
                    jump0   0x00000b    program     static C:\myFiles\CircuitExperiment\paoMaDeng.asm
                    jump1   0x00000d    program     static C:\myFiles\CircuitExperiment\paoMaDeng.asm
                     loop   0x00001e    program     static C:\myFiles\CircuitExperiment\paoMaDeng.asm
                      lp0   0x000023    program     static C:\myFiles\CircuitExperiment\paoMaDeng.asm
                      lp1   0x000025    program     static C:\myFiles\CircuitExperiment\paoMaDeng.asm
                     main   0x000011    program     static C:\myFiles\CircuitExperiment\paoMaDeng.asm
                 tmr0serv   0x000004    program     static C:\myFiles\CircuitExperiment\paoMaDeng.asm



                              Symbols - Sorted by Address
                     Name    Address   Location    Storage File                     
                ---------  ---------  ---------  --------- ---------                
                 tmr0serv   0x000004    program     static C:\myFiles\CircuitExperiment\paoMaDeng.asm
                    jump0   0x00000b    program     static C:\myFiles\CircuitExperiment\paoMaDeng.asm
                    jump1   0x00000d    program     static C:\myFiles\CircuitExperiment\paoMaDeng.asm
                     main   0x000011    program     static C:\myFiles\CircuitExperiment\paoMaDeng.asm
                     loop   0x00001e    program     static C:\myFiles\CircuitExperiment\paoMaDeng.asm
                    delay   0x000021    program     static C:\myFiles\CircuitExperiment\paoMaDeng.asm
                      lp0   0x000023    program     static C:\myFiles\CircuitExperiment\paoMaDeng.asm
                      lp1   0x000025    program     static C:\myFiles\CircuitExperiment\paoMaDeng.asm


