MPASM  5.51                   20180905002.ASM   9-5-2018  11:11:30         PAGE  1


LOC  OBJECT CODE     LINE SOURCE TEXT
  VALUE

  00000003            00001 status  equ             3h
  00000007            00002 portc   equ             7h
  00000087            00003 trisc   equ             87h
  00000006            00004 portb   equ             6h
  00000086            00005 trisb   equ             86h
  0000000E            00006 n1              equ             d'14'
  00000020            00007 data1   equ             20h
  000000E6            00008 n2              equ             d'230'
  00000021            00009 data2   equ             21h
                      00010 
  00000005            00011 rp0             equ             5h
                      00012                 org             000h
0000   0000           00013                 nop
0001   1683           00014                 bsf             status, rp0
0002   3000           00015                 movlw   00h
Message[302]: Register in operand not in bank 0.  Ensure that bank bits are correct.
0003   0086           00016                 movwf   trisb
0004   3000           00017                 movlw   00h
Message[302]: Register in operand not in bank 0.  Ensure that bank bits are correct.
0005   0087           00018                 movwf   trisc
0006   1283           00019                 bcf             status, rp0
0007   3000           00020                 movlw  00h
0008   0086           00021                 movwf   portb
                      00022 
                      00023         
0009   2???           00024                 call    down
000A   3001           00025                 movlw   b'00000001'
000B   0087           00026                 movwf   portc                  
000C   2???           00027                 call    down    
000D   3008           00028                 movlw   b'00001000'     ; 退格 close display
000E   0087           00029                 movwf   portc
000F   2???           00030                 call    down
0010   3006           00031                 movlw   b'00000110'     ;确认回应 clear screen
0011   0087           00032                 movwf   portc
0012   2???           00033                 call    down
0013   300C           00034                 movlw   b'00001100'     ;换页键 clear screen
0014   0087           00035                 movwf   portc
0015   2???           00036                 call    down
0016   1006           00037                 bcf     portb,0
0017   3001           00038                 movlw   b'00000001'
0018   0087           00039                 movwf   portc   
0019   2???           00040                 call    down
001A   3001           00041                 movlw   b'00000001'
001B   0086           00042                 movwf   portb
001C   3020           00043                 movlw   b'00100000';空格
001D   0087           00044                 movwf   portc
001E   2???           00045                 call    down
001F   3057           00046                 movlw   b'01010111';W
0020   0087           00047                 movwf   portc   
0021   2???           00048                 call    down
0022   3045           00049                 movlw   b'01000101';E
0023   0087           00050                 movwf   portc   
0024   2???           00051                 call    down
MPASM  5.51                   20180905002.ASM   9-5-2018  11:11:30         PAGE  2


LOC  OBJECT CODE     LINE SOURCE TEXT
  VALUE

                      00052 
                      00053 
0025   1486           00054 down    bsf portb,1
0026   0000           00055                 nop
0027   0000           00056                 nop
0028   0000           00057                 nop
0029   1086           00058                 bcf portb,1
002A   2???           00059                 call delay
002B   0008           00060                 return
                      00061 
002C                  00062 delay
002C   300E           00063                 movlw   n1
002D   00A0           00064                 movwf   data1
002E   30E6           00065 lp0             movlw   n2
002F   00A1           00066                 movwf   data2
0030   0BA1           00067 lp1             decfsz  data2,1
0031   2???           00068                 goto    lp1
0032   0BA0           00069                 decfsz  data1,1
0033   2???           00070                 goto    lp0
0034   0008           00071                 return
                      00072                 end
MPASM  5.51                   20180905002.ASM   9-5-2018  11:11:30         PAGE  3


SYMBOL TABLE
  LABEL                             VALUE 

__16F877A                         00000001
__DEBUG                           1
__MPLAB_DEBUGGER_PK3              1
data1                             00000020
data2                             00000021
delay                             0000002C
down                              00000025
lp0                               0000002E
lp1                               00000030
n1                                0000000E
n2                                000000E6
portb                             00000006
portc                             00000007
rp0                               00000005
status                            00000003
trisb                             00000086
trisc                             00000087

Errors   :     0
Warnings :     0 reported,     0 suppressed
Messages :     2 reported,     0 suppressed

