HI-TECH Software C Compiler 

Linker command line:

--edf=C:\Program Files (x86)\HI-TECH Software\PICC\9.83\dat\en_msgs.txt -cs \
  -h+20180906003.sym -z -Q16F877A -ol.obj -M20180906003.map -E1 \
  -ACONST=00h-0FFhx31 -ACODE=00h-07FFhx3,01800h-01EFFh -ASTRCODE=00h-01EFFh \
  -AENTRY=00h-0FFhx31 -ASTRING=00h-0FFhx31 -ABANK0=020h-06Fh \
  -ABANK1=0A0h-0EFh -ABANK2=0110h-016Fh -ABANK3=0190h-01E4h \
  -ARAM=020h-06Fh,0A0h-0EFh,0110h-016Fh,0190h-01E4h \
  -AABS1=020h-07Fh,0A0h-0EFh,0110h-016Fh,0190h-01EFh -ACOMMON=071h-07Fh \
  -ASFR0=00h-01Fh -ASFR1=080h-09Fh -ASFR2=0100h-010Fh -ASFR3=0180h-018Fh \
  -preset_vec=00h,intentry,init,end_init -ppowerup=CODE -pfunctab=CODE \
  -ACONFIG=02007h-02007h -pconfig=CONFIG -DCONFIG=2 -AIDLOC=02000h-02003h \
  -pidloc=IDLOC -DIDLOC=2 -AEEDATA=00h-0FFh/02100h -peeprom_data=EEDATA \
  -DEEDATA=2 -DCODE=2 -DSTRCODE=2 -DSTRING=2 -DCONST=2 -DENTRY=2 -k \
  startup.obj 20180906003.obj 

Object code version is 3.10

Machine type is 16F877A



                Name                               Link     Load   Length Selector   Space Scale
startup.obj     end_init                              1        1        3        0       0
                reset_vec                             0        0        1        0       0
20180906003.obj config                             2007     2007        1     400E       0
                text86                              787      787       79      F0E       0
                maintext                            75E      75E       29      EBC       0
                cstackBANK0                          20       20        4       20       1
                cstackCOMMON                         71       71        A       71       1
                cinit                               75A      75A        4      EB4       0
                strings                               4        4       16        8       0

TOTAL           Name                               Link     Load   Length     Space
        CLASS   CONST          

        CLASS   CODE           
                end_init                              1        1        3         0
                reset_vec                             0        0        1         0
                text86                              787      787       79         0
                maintext                            75E      75E       29         0
                cinit                               75A      75A        4         0

        CLASS   STRCODE        

        CLASS   ENTRY          

        CLASS   STRING         
                strings                               4        4       16         0

        CLASS   BANK0          
                cstackBANK0                          20       20        4         1

        CLASS   BANK1          

        CLASS   BANK2          

        CLASS   BANK3          

        CLASS   RAM            

        CLASS   ABS1           
                abs_s1                               7E       7E        2         1

        CLASS   COMMON         
                cstackCOMMON                         71       71        A         1

        CLASS   SFR0           

        CLASS   SFR1           

        CLASS   SFR2           

        CLASS   SFR3           

        CLASS   CONFIG         
                config                             2007     2007        1         0

        CLASS   IDLOC          

        CLASS   EEDATA         

        CLASS   BIGRAM         



SEGMENTS        Name                           Load    Length   Top    Selector   Space  Class     Delta

                reset_vec                      000000  000004  000004         0       0  CODE        2
                strings                        000004  000016  00001A         8       0  STRING      2
                cstackBANK0                    000020  000004  000024        20       1  BANK0       1
                cstackCOMMON                   000071  00000A  00007B        71       1  COMMON      1
                cinit                          00075A  000004  00075E       EB4       0  CODE        2
                maintext                       00075E  000029  000787       EBC       0  CODE        2
                text86                         000787  000079  000800       F0E       0  CODE        2
                config                         002007  000001  002008      400E       0  CONFIG      2


UNUSED ADDRESS RANGES

        Name                Unused          Largest block    Delta
        BANK0            0024-006F             4C           1
        BANK1            00A0-00EF             50           1
        BANK2            0110-016F             60           1
        BANK3            0190-01E4             55           1
        CODE             001A-0759            740           2
                         0800-1EFF            800
        COMMON           007B-007D              3           1
        CONST            001A-0759            100           2
                         0800-1EFF            100
        EEDATA           2100-21FF            100           2
        ENTRY            001A-0759            100           2
                         0800-1EFF            100
        IDLOC            2000-2003              4           2
        RAM              0024-006F             4C           1
                         00A0-00EF             50
                         0110-016F             60
                         0190-01E4             55
        SFR0             0000-001F             20           1
        SFR1             0080-009F             20           1
        SFR2             0100-010F             10           1
        SFR3             0180-018F             10           1
        STRCODE          001A-0759            740           2
                         0800-1EFF           1700
        STRING           001A-0759            100           2
                         0800-1EFF            100

                                  Symbol Table

??_delay              cstackCOMMON 0073
??_disp               cstackCOMMON 0077
??_dispDelay          cstackCOMMON 0078
??_main               cstackCOMMON 007B
?_delay               cstackCOMMON 0071
?_disp                cstackCOMMON 0071
?_dispDelay           cstackCOMMON 0071
?_main                cstackCOMMON 0071
_PORTA                (abs)        0005
_PORTD                (abs)        0008
_TRISA                (abs)        0085
_TRISD                (abs)        0088
__Habs1               abs1         0000
__Hbank0              bank0        0000
__Hbank1              bank1        0000
__Hbank2              bank2        0000
__Hbank3              bank3        0000
__Hbigram             bigram       0000
__Hcinit              cinit        0000
__Hclrtext            clrtext      0000
__Hcode               code         0000
__Hcommon             common       0000
__Hconfig             config       2008
__HcstackBANK0        cstackBANK0  0000
__HcstackCOMMON       cstackCOMMON 0000
__Heeprom_data        eeprom_data  0000
__Hend_init           end_init     0004
__Hfunctab            functab      0000
__Hidloc              idloc        0000
__Hinit               init         0001
__Hintentry           intentry     0001
__Hmaintext           maintext     0000
__Hpa_nodes           pa_nodes     0000
__Hpowerup            powerup      0000
__Hram                ram          0000
__Hreset_vec          reset_vec    0001
__Hsfr0               sfr0         0000
__Hsfr1               sfr1         0000
__Hsfr2               sfr2         0000
__Hsfr3               sfr3         0000
__Hstrings            strings      0000
__Htext               text         0000
__Labs1               abs1         0000
__Lbank0              bank0        0000
__Lbank1              bank1        0000
__Lbank2              bank2        0000
__Lbank3              bank3        0000
__Lbigram             bigram       0000
__Lcinit              cinit        0000
__Lclrtext            clrtext      0000
__Lcode               code         0000
__Lcommon             common       0000
__Lconfig             config       2007
__LcstackBANK0        cstackBANK0  0000
__LcstackCOMMON       cstackCOMMON 0000
__Leeprom_data        eeprom_data  0000
__Lend_init           end_init     0001
__Lfunctab            functab      0000
__Lidloc              idloc        0000
__Linit               init         0001
__Lintentry           intentry     0001
__Lmaintext           maintext     0000
__Lpa_nodes           pa_nodes     0000
__Lpowerup            powerup      0000
__Lram                ram          0000
__Lreset_vec          reset_vec    0000
__Lsfr0               sfr0         0000
__Lsfr1               sfr1         0000
__Lsfr2               sfr2         0000
__Lsfr3               sfr3         0000
__Lstrings            strings      0000
__Ltext               text         0000
__S0                  (abs)        2008
__S1                  (abs)        007B
__S2                  (abs)        0000
__end_of_delay        text86       0800
__end_of_disp         text86       07E6
__end_of_dispDelay    text86       079D
__end_of_main         maintext     0787
__pcstackBANK0        cstackBANK0  0020
__pcstackCOMMON       cstackCOMMON 0071
__pmaintext           maintext     075E
__pstrings            strings      0004
__ptext86             text86       0787
__ptext87             text86       079D
__ptext88             text86       07E6
__ptext89             text89       0000
__size_of_delay       (abs)        0000
__size_of_disp        (abs)        0000
__size_of_dispDelay   (abs)        0000
__size_of_main        (abs)        0000
_delay                text86       07E6
_disp                 text86       079D
_dispDelay            text86       0787
_exit                 init         0001
_main                 maintext     075E
_table                strings      000A
btemp                 (abs)        007E
delay@a               cstackCOMMON 0073
delay@b               cstackCOMMON 0075
delay@x               cstackCOMMON 0071
disp@num              cstackCOMMON 0077
dispDelay@i           cstackCOMMON 0079
dispDelay@num         cstackCOMMON 0078
end_of_initialization cinit        075A
intlevel0             functab      0000
intlevel1             functab      0000
intlevel2             functab      0000
intlevel3             functab      0000
intlevel4             functab      0000
intlevel5             functab      0000
l1857                                  
l1863                                  
l1865                                  
l1867                                  
l1869                                  
l1871                                  
l1873                                  
l1875                                  
l1877                                  
l1879                                  
l1881                                  
l1883                                  
l1891                                  
l1893                                  
l1895                                  
l1897                                  
l1901                                  
l1903                                  
l1907                                  
l1913                                  
l1919                                  
l694                                   
l699                                   
main@num              cstackBANK0  0020
reset_vec             reset_vec    0000
start                 init         0001
start_initialization  cinit        075A
wtemp0                (abs)        007E
